Archive member included to satisfy reference by file (symbol)

/Applications/Ac6/SystemWorkbench.app/Contents/Eclipse/plugins/fr.ac6.mcu.externaltools.arm-none.macos64_1.17.0.201812190825/tools/compiler/bin/../lib/gcc/arm-none-eabi/7.3.1/../../../../arm-none-eabi/lib/thumb/v7e-m/fpv4-sp/hard/libc.a(lib_a-errno.o)
                              src/syscalls.o (__errno)
/Applications/Ac6/SystemWorkbench.app/Contents/Eclipse/plugins/fr.ac6.mcu.externaltools.arm-none.macos64_1.17.0.201812190825/tools/compiler/bin/../lib/gcc/arm-none-eabi/7.3.1/../../../../arm-none-eabi/lib/thumb/v7e-m/fpv4-sp/hard/libc.a(lib_a-exit.o)
                              /Applications/Ac6/SystemWorkbench.app/Contents/Eclipse/plugins/fr.ac6.mcu.externaltools.arm-none.macos64_1.17.0.201812190825/tools/compiler/bin/../lib/gcc/arm-none-eabi/7.3.1/../../../../arm-none-eabi/lib/thumb/v7e-m/fpv4-sp/hard/crt0.o (exit)
/Applications/Ac6/SystemWorkbench.app/Contents/Eclipse/plugins/fr.ac6.mcu.externaltools.arm-none.macos64_1.17.0.201812190825/tools/compiler/bin/../lib/gcc/arm-none-eabi/7.3.1/../../../../arm-none-eabi/lib/thumb/v7e-m/fpv4-sp/hard/libc.a(lib_a-impure.o)
                              /Applications/Ac6/SystemWorkbench.app/Contents/Eclipse/plugins/fr.ac6.mcu.externaltools.arm-none.macos64_1.17.0.201812190825/tools/compiler/bin/../lib/gcc/arm-none-eabi/7.3.1/../../../../arm-none-eabi/lib/thumb/v7e-m/fpv4-sp/hard/libc.a(lib_a-exit.o) (_global_impure_ptr)
/Applications/Ac6/SystemWorkbench.app/Contents/Eclipse/plugins/fr.ac6.mcu.externaltools.arm-none.macos64_1.17.0.201812190825/tools/compiler/bin/../lib/gcc/arm-none-eabi/7.3.1/../../../../arm-none-eabi/lib/thumb/v7e-m/fpv4-sp/hard/libc.a(lib_a-init.o)
                              /Applications/Ac6/SystemWorkbench.app/Contents/Eclipse/plugins/fr.ac6.mcu.externaltools.arm-none.macos64_1.17.0.201812190825/tools/compiler/bin/../lib/gcc/arm-none-eabi/7.3.1/../../../../arm-none-eabi/lib/thumb/v7e-m/fpv4-sp/hard/crt0.o (__libc_init_array)
/Applications/Ac6/SystemWorkbench.app/Contents/Eclipse/plugins/fr.ac6.mcu.externaltools.arm-none.macos64_1.17.0.201812190825/tools/compiler/bin/../lib/gcc/arm-none-eabi/7.3.1/../../../../arm-none-eabi/lib/thumb/v7e-m/fpv4-sp/hard/libc.a(lib_a-memcpy.o)
                              Third-Party/FreeRTOS/org/Source/queue.o (memcpy)
/Applications/Ac6/SystemWorkbench.app/Contents/Eclipse/plugins/fr.ac6.mcu.externaltools.arm-none.macos64_1.17.0.201812190825/tools/compiler/bin/../lib/gcc/arm-none-eabi/7.3.1/../../../../arm-none-eabi/lib/thumb/v7e-m/fpv4-sp/hard/libc.a(lib_a-memset.o)
                              /Applications/Ac6/SystemWorkbench.app/Contents/Eclipse/plugins/fr.ac6.mcu.externaltools.arm-none.macos64_1.17.0.201812190825/tools/compiler/bin/../lib/gcc/arm-none-eabi/7.3.1/../../../../arm-none-eabi/lib/thumb/v7e-m/fpv4-sp/hard/crt0.o (memset)
/Applications/Ac6/SystemWorkbench.app/Contents/Eclipse/plugins/fr.ac6.mcu.externaltools.arm-none.macos64_1.17.0.201812190825/tools/compiler/bin/../lib/gcc/arm-none-eabi/7.3.1/../../../../arm-none-eabi/lib/thumb/v7e-m/fpv4-sp/hard/libc.a(lib_a-strlen.o)
                              src/stm32_ext_common.o (strlen)
/Applications/Ac6/SystemWorkbench.app/Contents/Eclipse/plugins/fr.ac6.mcu.externaltools.arm-none.macos64_1.17.0.201812190825/tools/compiler/bin/../lib/gcc/arm-none-eabi/7.3.1/../../../../arm-none-eabi/lib/thumb/v7e-m/fpv4-sp/hard/libc.a(lib_a-__call_atexit.o)
                              /Applications/Ac6/SystemWorkbench.app/Contents/Eclipse/plugins/fr.ac6.mcu.externaltools.arm-none.macos64_1.17.0.201812190825/tools/compiler/bin/../lib/gcc/arm-none-eabi/7.3.1/../../../../arm-none-eabi/lib/thumb/v7e-m/fpv4-sp/hard/libc.a(lib_a-exit.o) (__call_exitprocs)
/Applications/Ac6/SystemWorkbench.app/Contents/Eclipse/plugins/fr.ac6.mcu.externaltools.arm-none.macos64_1.17.0.201812190825/tools/compiler/bin/../lib/gcc/arm-none-eabi/7.3.1/../../../../arm-none-eabi/lib/thumb/v7e-m/fpv4-sp/hard/libc.a(lib_a-atexit.o)
                              /Applications/Ac6/SystemWorkbench.app/Contents/Eclipse/plugins/fr.ac6.mcu.externaltools.arm-none.macos64_1.17.0.201812190825/tools/compiler/bin/../lib/gcc/arm-none-eabi/7.3.1/../../../../arm-none-eabi/lib/thumb/v7e-m/fpv4-sp/hard/libc.a(lib_a-__call_atexit.o) (atexit)
/Applications/Ac6/SystemWorkbench.app/Contents/Eclipse/plugins/fr.ac6.mcu.externaltools.arm-none.macos64_1.17.0.201812190825/tools/compiler/bin/../lib/gcc/arm-none-eabi/7.3.1/../../../../arm-none-eabi/lib/thumb/v7e-m/fpv4-sp/hard/libc.a(lib_a-fini.o)
                              /Applications/Ac6/SystemWorkbench.app/Contents/Eclipse/plugins/fr.ac6.mcu.externaltools.arm-none.macos64_1.17.0.201812190825/tools/compiler/bin/../lib/gcc/arm-none-eabi/7.3.1/../../../../arm-none-eabi/lib/thumb/v7e-m/fpv4-sp/hard/libc.a(lib_a-__call_atexit.o) (__libc_fini_array)
[...]
Memory Configuration

Name             Origin             Length             Attributes
RAM              0x0000000020000000 0x0000000000020000 xrw
ROM              0x0000000008000000 0x0000000000080000 xr
*default*        0x0000000000000000 0xffffffffffffffff

Linker script and memory map

LOAD /Applications/Ac6/SystemWorkbench.app/Contents/Eclipse/plugins/fr.ac6.mcu.externaltools.arm-none.macos64_1.17.0.201812190825/tools/compiler/bin/../lib/gcc/arm-none-eabi/7.3.1/thumb/v7e-m/fpv4-sp/hard/crti.o
LOAD /Applications/Ac6/SystemWorkbench.app/Contents/Eclipse/plugins/fr.ac6.mcu.externaltools.arm-none.macos64_1.17.0.201812190825/tools/compiler/bin/../lib/gcc/arm-none-eabi/7.3.1/thumb/v7e-m/fpv4-sp/hard/crtbegin.o
LOAD /Applications/Ac6/SystemWorkbench.app/Contents/Eclipse/plugins/fr.ac6.mcu.externaltools.arm-none.macos64_1.17.0.201812190825/tools/compiler/bin/../lib/gcc/arm-none-eabi/7.3.1/../../../../arm-none-eabi/lib/thumb/v7e-m/fpv4-sp/hard/crt0.o
LOAD StdPeriph_Driver/src/misc.o
LOAD StdPeriph_Driver/src/stm32f4xx_adc.o
LOAD StdPeriph_Driver/src/stm32f4xx_can.o
LOAD StdPeriph_Driver/src/stm32f4xx_cec.o
LOAD StdPeriph_Driver/src/stm32f4xx_crc.o
LOAD StdPeriph_Driver/src/stm32f4xx_cryp.o
LOAD StdPeriph_Driver/src/stm32f4xx_cryp_aes.o
LOAD StdPeriph_Driver/src/stm32f4xx_cryp_des.o
LOAD StdPeriph_Driver/src/stm32f4xx_cryp_tdes.o
LOAD StdPeriph_Driver/src/stm32f4xx_dac.o
LOAD StdPeriph_Driver/src/stm32f4xx_dbgmcu.o
LOAD StdPeriph_Driver/src/stm32f4xx_dcmi.o
LOAD StdPeriph_Driver/src/stm32f4xx_dfsdm.o
LOAD StdPeriph_Driver/src/stm32f4xx_dma.o
LOAD StdPeriph_Driver/src/stm32f4xx_dma2d.o
LOAD StdPeriph_Driver/src/stm32f4xx_dsi.o
LOAD StdPeriph_Driver/src/stm32f4xx_exti.o
LOAD StdPeriph_Driver/src/stm32f4xx_flash.o
LOAD StdPeriph_Driver/src/stm32f4xx_flash_ramfunc.o
LOAD StdPeriph_Driver/src/stm32f4xx_fmc.o
LOAD StdPeriph_Driver/src/stm32f4xx_fmip2c.o
LOAD StdPeriph_Driver/src/stm32f4xx_fsmc.o
LOAD StdPeriph_Driver/src/stm32f4xx_gpio.o
LOAD StdPeriph_Driver/src/stm32f4xx_hash.o
LOAD StdPeriph_Driver/src/stm32f4xx_hash_md5.o
LOAD StdPeriph_Driver/src/stm32f4xx_hash_sha1.o
LOAD StdPeriph_Driver/src/stm32f4xx_i2c.o
LOAD StdPeriph_Driver/src/stm32f4xx_iwdg.o
LOAD StdPeriph_Driver/src/stm32f4xx_lptim.o
LOAD StdPeriph_Driver/src/stm32f4xx_ltdc.o
LOAD StdPeriph_Driver/src/stm32f4xx_pwr.o
LOAD StdPeriph_Driver/src/stm32f4xx_qspi.o
LOAD StdPeriph_Driver/src/stm32f4xx_rcc.o
LOAD StdPeriph_Driver/src/stm32f4xx_rng.o
LOAD StdPeriph_Driver/src/stm32f4xx_rtc.o
LOAD StdPeriph_Driver/src/stm32f4xx_sai.o
LOAD StdPeriph_Driver/src/stm32f4xx_sdio.o
LOAD StdPeriph_Driver/src/stm32f4xx_spdifrx.o
LOAD StdPeriph_Driver/src/stm32f4xx_spi.o
LOAD StdPeriph_Driver/src/stm32f4xx_syscfg.o
LOAD StdPeriph_Driver/src/stm32f4xx_tim.o
LOAD StdPeriph_Driver/src/stm32f4xx_usart.o
LOAD StdPeriph_Driver/src/stm32f4xx_wwdg.o
LOAD Third-Party/FreeRTOS/org/Source/croutine.o
LOAD Third-Party/FreeRTOS/org/Source/event_groups.o
LOAD Third-Party/FreeRTOS/org/Source/list.o
LOAD Third-Party/FreeRTOS/org/Source/queue.o
LOAD Third-Party/FreeRTOS/org/Source/stream_buffer.o
LOAD Third-Party/FreeRTOS/org/Source/tasks.o
LOAD Third-Party/FreeRTOS/org/Source/timers.o
LOAD Third-Party/FreeRTOS/org/Source/portable/GCC/ARM_CM4F/port.o
LOAD Third-Party/FreeRTOS/org/Source/portable/MemMang/heap_4.o
LOAD src/main.o
LOAD src/stm32_ext_common.o
LOAD src/syscalls.o
LOAD src/system_stm32f4xx.o
LOAD startup/startup_stm32.o
LOAD /Applications/Ac6/SystemWorkbench.app/Contents/Eclipse/plugins/fr.ac6.mcu.externaltools.arm-none.macos64_1.17.0.201812190825/tools/compiler/bin/../lib/gcc/arm-none-eabi/7.3.1/../../../../arm-none-eabi/lib/thumb/v7e-m/fpv4-sp/hard/libm.a
START GROUP
LOAD /Applications/Ac6/SystemWorkbench.app/Contents/Eclipse/plugins/fr.ac6.mcu.externaltools.arm-none.macos64_1.17.0.201812190825/tools/compiler/bin/../lib/gcc/arm-none-eabi/7.3.1/thumb/v7e-m/fpv4-sp/hard/libgcc.a
LOAD /Applications/Ac6/SystemWorkbench.app/Contents/Eclipse/plugins/fr.ac6.mcu.externaltools.arm-none.macos64_1.17.0.201812190825/tools/compiler/bin/../lib/gcc/arm-none-eabi/7.3.1/../../../../arm-none-eabi/lib/thumb/v7e-m/fpv4-sp/hard/libc.a
END GROUP
LOAD /Applications/Ac6/SystemWorkbench.app/Contents/Eclipse/plugins/fr.ac6.mcu.externaltools.arm-none.macos64_1.17.0.201812190825/tools/compiler/bin/../lib/gcc/arm-none-eabi/7.3.1/thumb/v7e-m/fpv4-sp/hard/crtend.o
LOAD /Applications/Ac6/SystemWorkbench.app/Contents/Eclipse/plugins/fr.ac6.mcu.externaltools.arm-none.macos64_1.17.0.201812190825/tools/compiler/bin/../lib/gcc/arm-none-eabi/7.3.1/thumb/v7e-m/fpv4-sp/hard/crtn.o
                0x0000000020020000                _estack = 0x20020000
                0x0000000000000000                _Min_Heap_Size = 0x0
                0x0000000000000400                _Min_Stack_Size = 0x400

.isr_vector     0x0000000008000000      0x1c4
                0x0000000008000000                . = ALIGN (0x4)
 *(.isr_vector)
 .isr_vector    0x0000000008000000      0x1c4 startup/startup_stm32.o
                0x0000000008000000                g_pfnVectors
                0x00000000080001c4                . = ALIGN (0x4)

.text           0x0000000008000200     0x3a58
                0x0000000008000200                . = ALIGN (0x4)
 *(.text)
 .text          0x0000000008000200       0x40 /Applications/Ac6/SystemWorkbench.app/Contents/Eclipse/plugins/fr.ac6.mcu.externaltools.arm-none.macos64_1.17.0.201812190825/tools/compiler/bin/../lib/gcc/arm-none-eabi/7.3.1/thumb/v7e-m/fpv4-sp/hard/crtbegin.o
 .text          0x0000000008000240      0x134 /Applications/Ac6/SystemWorkbench.app/Contents/Eclipse/plugins/fr.ac6.mcu.externaltools.arm-none.macos64_1.17.0.201812190825/tools/compiler/bin/../lib/gcc/arm-none-eabi/7.3.1/../../../../arm-none-eabi/lib/thumb/v7e-m/fpv4-sp/hard/libc.a(lib_a-memcpy.o)
                0x0000000008000240                memcpy
 *fill*         0x0000000008000374        0xc 
 .text          0x0000000008000380       0xdc /Applications/Ac6/SystemWorkbench.app/Contents/Eclipse/plugins/fr.ac6.mcu.externaltools.arm-none.macos64_1.17.0.201812190825/tools/compiler/bin/../lib/gcc/arm-none-eabi/7.3.1/../../../../arm-none-eabi/lib/thumb/v7e-m/fpv4-sp/hard/libc.a(lib_a-strlen.o)
                0x0000000008000380                strlen
 *(.text*)
 .text.GPIO_Init
                0x000000000800045c      0x11c StdPeriph_Driver/src/stm32f4xx_gpio.o
                0x000000000800045c                GPIO_Init
 .text.GPIO_ReadInputDataBit
                0x0000000008000578       0x34 StdPeriph_Driver/src/stm32f4xx_gpio.o
                0x0000000008000578                GPIO_ReadInputDataBit
 .text.GPIO_WriteBit
                0x00000000080005ac       0x30 StdPeriph_Driver/src/stm32f4xx_gpio.o
                0x00000000080005ac                GPIO_WriteBit
 .text.GPIO_PinAFConfig
                0x00000000080005dc       0x92 StdPeriph_Driver/src/stm32f4xx_gpio.o
                0x00000000080005dc                GPIO_PinAFConfig
 *fill*         0x000000000800066e        0x2 
 .text.RCC_DeInit
                0x0000000008000670       0x70 StdPeriph_Driver/src/stm32f4xx_rcc.o
                0x0000000008000670                RCC_DeInit
 .text.RCC_GetClocksFreq
                0x00000000080006e0      0x1f4 StdPeriph_Driver/src/stm32f4xx_rcc.o
                0x00000000080006e0                RCC_GetClocksFreq
 .text.RCC_AHB1PeriphClockCmd
                0x00000000080008d4       0x40 StdPeriph_Driver/src/stm32f4xx_rcc.o
                0x00000000080008d4                RCC_AHB1PeriphClockCmd
 .text.RCC_APB1PeriphClockCmd
                0x0000000008000914       0x40 StdPeriph_Driver/src/stm32f4xx_rcc.o
                0x0000000008000914                RCC_APB1PeriphClockCmd
 .text.USART_Init
                0x0000000008000954      0x174 StdPeriph_Driver/src/stm32f4xx_usart.o
                0x0000000008000954                USART_Init
 .text.USART_Cmd
                0x0000000008000ac8       0x40 StdPeriph_Driver/src/stm32f4xx_usart.o
                0x0000000008000ac8                USART_Cmd
 .text.USART_SendData
                0x0000000008000b08       0x24 StdPeriph_Driver/src/stm32f4xx_usart.o
                0x0000000008000b08                USART_SendData
 .text.USART_GetFlagStatus
                0x0000000008000b2c       0x38 StdPeriph_Driver/src/stm32f4xx_usart.o
                0x0000000008000b2c                USART_GetFlagStatus
 .text.vListInitialise
                0x0000000008000b64       0x40 Third-Party/FreeRTOS/org/Source/list.o
                0x0000000008000b64                vListInitialise
 .text.vListInitialiseItem
                0x0000000008000ba4       0x1a Third-Party/FreeRTOS/org/Source/list.o
                0x0000000008000ba4                vListInitialiseItem
 .text.vListInsertEnd
                0x0000000008000bbe       0x48 Third-Party/FreeRTOS/org/Source/list.o
                0x0000000008000bbe                vListInsertEnd
 .text.vListInsert
                0x0000000008000c06       0x72 Third-Party/FreeRTOS/org/Source/list.o
                0x0000000008000c06                vListInsert
 .text.uxListRemove
                0x0000000008000c78       0x54 Third-Party/FreeRTOS/org/Source/list.o
                0x0000000008000c78                uxListRemove
 .text.xQueueGenericReset
                0x0000000008000ccc       0xd0 Third-Party/FreeRTOS/org/Source/queue.o
                0x0000000008000ccc                xQueueGenericReset
 .text.xQueueGenericCreate
                0x0000000008000d9c       0x9c Third-Party/FreeRTOS/org/Source/queue.o
                0x0000000008000d9c                xQueueGenericCreate
 .text.prvInitialiseNewQueue
                0x0000000008000e38       0x46 Third-Party/FreeRTOS/org/Source/queue.o
 *fill*         0x0000000008000e7e        0x2 
 .text.xQueueGenericSend
                0x0000000008000e80      0x1f4 Third-Party/FreeRTOS/org/Source/queue.o
                0x0000000008000e80                xQueueGenericSend
 .text.xQueueGenericSendFromISR
                0x0000000008001074      0x14a Third-Party/FreeRTOS/org/Source/queue.o
                0x0000000008001074                xQueueGenericSendFromISR
 *fill*         0x00000000080011be        0x2 
 .text.xQueueReceive
                0x00000000080011c0      0x1b8 Third-Party/FreeRTOS/org/Source/queue.o
                0x00000000080011c0                xQueueReceive
 .text.prvCopyDataToQueue
                0x0000000008001378       0xd4 Third-Party/FreeRTOS/org/Source/queue.o
 .text.prvCopyDataFromQueue
                0x000000000800144c       0x4c Third-Party/FreeRTOS/org/Source/queue.o
 .text.prvUnlockQueue
                0x0000000008001498       0xa4 Third-Party/FreeRTOS/org/Source/queue.o
 .text.prvIsQueueEmpty
                0x000000000800153c       0x2c Third-Party/FreeRTOS/org/Source/queue.o
 .text.prvIsQueueFull
                0x0000000008001568       0x30 Third-Party/FreeRTOS/org/Source/queue.o
 .text.vQueueAddToRegistry
                0x0000000008001598       0x50 Third-Party/FreeRTOS/org/Source/queue.o
                0x0000000008001598                vQueueAddToRegistry
 .text.vQueueWaitForMessageRestricted
                0x00000000080015e8       0x68 Third-Party/FreeRTOS/org/Source/queue.o
                0x00000000080015e8                vQueueWaitForMessageRestricted
 .text.xTaskCreate
                0x0000000008001650       0x82 Third-Party/FreeRTOS/org/Source/tasks.o
                0x0000000008001650                xTaskCreate
 .text.prvInitialiseNewTask
                0x00000000080016d2      0x12a Third-Party/FreeRTOS/org/Source/tasks.o
 .text.prvAddNewTaskToReadyList
                0x00000000080017fc       0xdc Third-Party/FreeRTOS/org/Source/tasks.o
 .text.vTaskDelay
                0x00000000080018d8       0x68 Third-Party/FreeRTOS/org/Source/tasks.o
                0x00000000080018d8                vTaskDelay
 .text.vTaskStartScheduler
                0x0000000008001940       0xa0 Third-Party/FreeRTOS/org/Source/tasks.o
                0x0000000008001940                vTaskStartScheduler
 .text.vTaskSuspendAll
                0x00000000080019e0       0x1c Third-Party/FreeRTOS/org/Source/tasks.o
                0x00000000080019e0                vTaskSuspendAll
 .text.xTaskResumeAll
                0x00000000080019fc      0x138 Third-Party/FreeRTOS/org/Source/tasks.o
                0x00000000080019fc                xTaskResumeAll
 .text.xTaskGetTickCount
                0x0000000008001b34       0x20 Third-Party/FreeRTOS/org/Source/tasks.o
                0x0000000008001b34                xTaskGetTickCount
 .text.xTaskIncrementTick
                0x0000000008001b54      0x170 Third-Party/FreeRTOS/org/Source/tasks.o
                0x0000000008001b54                xTaskIncrementTick
 .text.vTaskSwitchContext
                0x0000000008001cc4       0xb4 Third-Party/FreeRTOS/org/Source/tasks.o
                0x0000000008001cc4                vTaskSwitchContext
 .text.vTaskPlaceOnEventList
                0x0000000008001d78       0x48 Third-Party/FreeRTOS/org/Source/tasks.o
                0x0000000008001d78                vTaskPlaceOnEventList
 .text.vTaskPlaceOnEventListRestricted
                0x0000000008001dc0       0x54 Third-Party/FreeRTOS/org/Source/tasks.o
                0x0000000008001dc0                vTaskPlaceOnEventListRestricted
 .text.xTaskRemoveFromEventList
                0x0000000008001e14       0xc4 Third-Party/FreeRTOS/org/Source/tasks.o
                0x0000000008001e14                xTaskRemoveFromEventList
 .text.vTaskInternalSetTimeOutState
                0x0000000008001ed8       0x2c Third-Party/FreeRTOS/org/Source/tasks.o
                0x0000000008001ed8                vTaskInternalSetTimeOutState
 .text.xTaskCheckForTimeOut
                0x0000000008001f04       0xc8 Third-Party/FreeRTOS/org/Source/tasks.o
                0x0000000008001f04                xTaskCheckForTimeOut
 .text.vTaskMissedYield
                0x0000000008001fcc       0x18 Third-Party/FreeRTOS/org/Source/tasks.o
                0x0000000008001fcc                vTaskMissedYield
 .text.prvIdleTask
                0x0000000008001fe4       0x30 Third-Party/FreeRTOS/org/Source/tasks.o
 .text.prvInitialiseTaskLists
                0x0000000008002014       0x80 Third-Party/FreeRTOS/org/Source/tasks.o
 .text.prvCheckTasksWaitingTermination
                0x0000000008002094       0x58 Third-Party/FreeRTOS/org/Source/tasks.o
 .text.prvDeleteTCB
                0x00000000080020ec       0x20 Third-Party/FreeRTOS/org/Source/tasks.o
 .text.prvResetNextTaskUnblockTime
                0x000000000800210c       0x38 Third-Party/FreeRTOS/org/Source/tasks.o
 .text.xTaskGetSchedulerState
                0x0000000008002144       0x3c Third-Party/FreeRTOS/org/Source/tasks.o
                0x0000000008002144                xTaskGetSchedulerState
 .text.xTaskPriorityDisinherit
                0x0000000008002180       0xf0 Third-Party/FreeRTOS/org/Source/tasks.o
                0x0000000008002180                xTaskPriorityDisinherit
 .text.xTaskGenericNotifyWait
                0x0000000008002270       0xfc Third-Party/FreeRTOS/org/Source/tasks.o
                0x0000000008002270                xTaskGenericNotifyWait
 .text.xTaskGenericNotify
                0x000000000800236c      0x1b8 Third-Party/FreeRTOS/org/Source/tasks.o
                0x000000000800236c                xTaskGenericNotify
 .text.prvAddCurrentTaskToDelayedList
                0x0000000008002524       0xcc Third-Party/FreeRTOS/org/Source/tasks.o
 .text.xTimerCreateTimerTask
                0x00000000080025f0       0x64 Third-Party/FreeRTOS/org/Source/timers.o
                0x00000000080025f0                xTimerCreateTimerTask
 .text.xTimerGenericCommand
                0x0000000008002654       0x98 Third-Party/FreeRTOS/org/Source/timers.o
                0x0000000008002654                xTimerGenericCommand
 .text.prvProcessExpiredTimer
                0x00000000080026ec       0x98 Third-Party/FreeRTOS/org/Source/timers.o
 .text.prvTimerTask
                0x0000000008002784       0x24 Third-Party/FreeRTOS/org/Source/timers.o
 .text.prvProcessTimerOrBlockTask
                0x00000000080027a8       0x9c Third-Party/FreeRTOS/org/Source/timers.o
 .text.prvGetNextExpireTime
                0x0000000008002844       0x48 Third-Party/FreeRTOS/org/Source/timers.o
 .text.prvSampleTimeNow
                0x000000000800288c       0x40 Third-Party/FreeRTOS/org/Source/timers.o
 .text.prvInsertTimerInActiveList
                0x00000000080028cc       0x84 Third-Party/FreeRTOS/org/Source/timers.o
 .text.prvProcessReceivedCommands
                0x0000000008002950      0x188 Third-Party/FreeRTOS/org/Source/timers.o
 .text.prvSwitchTimerLists
                0x0000000008002ad8       0xc8 Third-Party/FreeRTOS/org/Source/timers.o
 .text.prvCheckForValidListAndQueue
                0x0000000008002ba0       0x6c Third-Party/FreeRTOS/org/Source/timers.o
 .text.pxPortInitialiseStack
                0x0000000008002c0c       0x68 Third-Party/FreeRTOS/org/Source/portable/GCC/ARM_CM4F/port.o
                0x0000000008002c0c                pxPortInitialiseStack
 .text.prvTaskExitError
                0x0000000008002c74       0x54 Third-Party/FreeRTOS/org/Source/portable/GCC/ARM_CM4F/port.o
 *fill*         0x0000000008002cc8        0x8 
 .text.SVC_Handler
                0x0000000008002cd0       0x28 Third-Party/FreeRTOS/org/Source/portable/GCC/ARM_CM4F/port.o
                0x0000000008002cd0                SVC_Handler
 .text.prvPortStartFirstTask
                0x0000000008002cf8       0x2c Third-Party/FreeRTOS/org/Source/portable/GCC/ARM_CM4F/port.o
 .text.xPortStartScheduler
                0x0000000008002d24      0x13c Third-Party/FreeRTOS/org/Source/portable/GCC/ARM_CM4F/port.o
                0x0000000008002d24                xPortStartScheduler
 .text.vPortEnterCritical
                0x0000000008002e60       0x5c Third-Party/FreeRTOS/org/Source/portable/GCC/ARM_CM4F/port.o
                0x0000000008002e60                vPortEnterCritical
 .text.vPortExitCritical
                0x0000000008002ebc       0x50 Third-Party/FreeRTOS/org/Source/portable/GCC/ARM_CM4F/port.o
                0x0000000008002ebc                vPortExitCritical
 *fill*         0x0000000008002f0c        0x4 
 .text.PendSV_Handler
                0x0000000008002f10       0x68 Third-Party/FreeRTOS/org/Source/portable/GCC/ARM_CM4F/port.o
                0x0000000008002f10                PendSV_Handler
 .text.SysTick_Handler
                0x0000000008002f78       0x40 Third-Party/FreeRTOS/org/Source/portable/GCC/ARM_CM4F/port.o
                0x0000000008002f78                SysTick_Handler
 .text.vPortSetupTimerInterrupt
                0x0000000008002fb8       0x48 Third-Party/FreeRTOS/org/Source/portable/GCC/ARM_CM4F/port.o
                0x0000000008002fb8                vPortSetupTimerInterrupt
 .text.vPortEnableVFP
                0x0000000008003000       0x18 Third-Party/FreeRTOS/org/Source/portable/GCC/ARM_CM4F/port.o
 .text.vPortValidateInterruptPriority
                0x0000000008003018       0x7c Third-Party/FreeRTOS/org/Source/portable/GCC/ARM_CM4F/port.o
                0x0000000008003018                vPortValidateInterruptPriority
 .text.pvPortMalloc
                0x0000000008003094      0x190 Third-Party/FreeRTOS/org/Source/portable/MemMang/heap_4.o
                0x0000000008003094                pvPortMalloc
 .text.vPortFree
                0x0000000008003224       0xc0 Third-Party/FreeRTOS/org/Source/portable/MemMang/heap_4.o
                0x0000000008003224                vPortFree
 .text.prvHeapInit
                0x00000000080032e4       0xc4 Third-Party/FreeRTOS/org/Source/portable/MemMang/heap_4.o
 .text.prvInsertBlockIntoFreeList
                0x00000000080033a8       0xb4 Third-Party/FreeRTOS/org/Source/portable/MemMang/heap_4.o
 .text.main     0x000000000800345c       0x68 src/main.o
                0x000000000800345c                main
 .text._vsetupHadware
                0x00000000080034c4      0x114 src/main.o
                0x00000000080034c4                _vsetupHadware
 .text._vtaskHander1
                0x00000000080035d8       0x50 src/main.o
                0x00000000080035d8                _vtaskHander1
 .text._vtaskHander2
                0x0000000008003628       0x48 src/main.o
                0x0000000008003628                _vtaskHander2
 .text.vextprintf
                0x0000000008003670       0x50 src/stm32_ext_common.o
                0x0000000008003670                vextprintf
 .text.SystemInit
                0x00000000080036c0       0x6c src/system_stm32f4xx.o
                0x00000000080036c0                SystemInit
 .text.SystemCoreClockUpdate
                0x000000000800372c      0x19c src/system_stm32f4xx.o
                0x000000000800372c                SystemCoreClockUpdate
 .text.SetSysClock
                0x00000000080038c8      0x12c src/system_stm32f4xx.o
 .text.Reset_Handler
                0x00000000080039f4       0x50 startup/startup_stm32.o
                0x00000000080039f4                Reset_Handler
 .text.Default_Handler
                0x0000000008003a44        0x2 startup/startup_stm32.o
                0x0000000008003a44                DMA1_Stream3_IRQHandler
                0x0000000008003a44                EXTI2_IRQHandler
                0x0000000008003a44                TIM8_CC_IRQHandler
                0x0000000008003a44                SPDIF_Rx_IRQHandler
                0x0000000008003a44                DebugMon_Handler
                0x0000000008003a44                SPI4_IRQHandler
                0x0000000008003a44                TIM1_CC_IRQHandler
                0x0000000008003a44                QuadSPI_IRQHandler
                0x0000000008003a44                DMA2_Stream5_IRQHandler
                0x0000000008003a44                HardFault_Handler
                0x0000000008003a44                DMA1_Stream5_IRQHandler
                0x0000000008003a44                PVD_IRQHandler
                0x0000000008003a44                SDIO_IRQHandler
                0x0000000008003a44                TAMP_STAMP_IRQHandler
                0x0000000008003a44                NMI_Handler
                0x0000000008003a44                CAN2_RX1_IRQHandler
                0x0000000008003a44                EXTI3_IRQHandler
                0x0000000008003a44                TIM8_TRG_COM_TIM14_IRQHandler
                0x0000000008003a44                TIM1_UP_TIM10_IRQHandler
                0x0000000008003a44                FMPI2C1_error_IRQHandler
                0x0000000008003a44                TIM8_UP_TIM13_IRQHandler
                0x0000000008003a44                I2C3_ER_IRQHandler
                0x0000000008003a44                EXTI0_IRQHandler
                0x0000000008003a44                I2C2_EV_IRQHandler
                0x0000000008003a44                DMA1_Stream2_IRQHandler
                0x0000000008003a44                CAN1_RX0_IRQHandler
                0x0000000008003a44                FPU_IRQHandler
                0x0000000008003a44                OTG_HS_WKUP_IRQHandler
                0x0000000008003a44                UsageFault_Handler
                0x0000000008003a44                CAN2_SCE_IRQHandler
                0x0000000008003a44                DMA2_Stream2_IRQHandler
                0x0000000008003a44                SPI1_IRQHandler
                0x0000000008003a44                TIM6_DAC_IRQHandler
                0x0000000008003a44                TIM1_BRK_TIM9_IRQHandler
                0x0000000008003a44                DCMI_IRQHandler
                0x0000000008003a44                CAN2_RX0_IRQHandler
                0x0000000008003a44                DMA2_Stream3_IRQHandler
                0x0000000008003a44                FMPI2C1_IRQHandler
                0x0000000008003a44                SAI2_IRQHandler
                0x0000000008003a44                USART6_IRQHandler
                0x0000000008003a44                USART3_IRQHandler
                0x0000000008003a44                CAN1_RX1_IRQHandler
                0x0000000008003a44                UART5_IRQHandler
                0x0000000008003a44                DMA2_Stream0_IRQHandler
                0x0000000008003a44                TIM4_IRQHandler
                0x0000000008003a44                I2C1_EV_IRQHandler
                0x0000000008003a44                HDMI_CEC_IRQHandler
                0x0000000008003a44                DMA1_Stream6_IRQHandler
                0x0000000008003a44                DMA1_Stream1_IRQHandler
                0x0000000008003a44                UART4_IRQHandler
                0x0000000008003a44                TIM3_IRQHandler
                0x0000000008003a44                RCC_IRQHandler
                0x0000000008003a44                TIM8_BRK_TIM12_IRQHandler
                0x0000000008003a44                Default_Handler
                0x0000000008003a44                EXTI15_10_IRQHandler
                0x0000000008003a44                ADC_IRQHandler
                0x0000000008003a44                DMA1_Stream7_IRQHandler
                0x0000000008003a44                TIM7_IRQHandler
                0x0000000008003a44                CAN2_TX_IRQHandler
                0x0000000008003a44                TIM5_IRQHandler
                0x0000000008003a44                DMA2_Stream7_IRQHandler
                0x0000000008003a44                I2C3_EV_IRQHandler
                0x0000000008003a44                EXTI9_5_IRQHandler
                0x0000000008003a44                RTC_WKUP_IRQHandler
                0x0000000008003a44                SPI2_IRQHandler
                0x0000000008003a44                OTG_HS_EP1_IN_IRQHandler
                0x0000000008003a44                MemManage_Handler
                0x0000000008003a44                DMA1_Stream0_IRQHandler
                0x0000000008003a44                CAN1_TX_IRQHandler
                0x0000000008003a44                EXTI4_IRQHandler
                0x0000000008003a44                OTG_HS_EP1_OUT_IRQHandler
                0x0000000008003a44                WWDG_IRQHandler
                0x0000000008003a44                TIM2_IRQHandler
                0x0000000008003a44                OTG_FS_WKUP_IRQHandler
                0x0000000008003a44                TIM1_TRG_COM_TIM11_IRQHandler
                0x0000000008003a44                OTG_HS_IRQHandler
                0x0000000008003a44                EXTI1_IRQHandler
                0x0000000008003a44                USART2_IRQHandler
                0x0000000008003a44                I2C2_ER_IRQHandler
                0x0000000008003a44                DMA2_Stream1_IRQHandler
                0x0000000008003a44                CAN1_SCE_IRQHandler
                0x0000000008003a44                FLASH_IRQHandler
                0x0000000008003a44                DMA2_Stream4_IRQHandler
                0x0000000008003a44                BusFault_Handler
                0x0000000008003a44                USART1_IRQHandler
                0x0000000008003a44                OTG_FS_IRQHandler
                0x0000000008003a44                SPI3_IRQHandler
                0x0000000008003a44                DMA1_Stream4_IRQHandler
                0x0000000008003a44                I2C1_ER_IRQHandler
                0x0000000008003a44                FMC_IRQHandler
                0x0000000008003a44                DMA2_Stream6_IRQHandler
                0x0000000008003a44                SAI1_IRQHandler
                0x0000000008003a44                RTC_Alarm_IRQHandler
 *fill*         0x0000000008003a46        0x2 
 .text.__libc_init_array
                0x0000000008003a48       0x48 /Applications/Ac6/SystemWorkbench.app/Contents/Eclipse/plugins/fr.ac6.mcu.externaltools.arm-none.macos64_1.17.0.201812190825/tools/compiler/bin/../lib/gcc/arm-none-eabi/7.3.1/../../../../arm-none-eabi/lib/thumb/v7e-m/fpv4-sp/hard/libc.a(lib_a-init.o)
                0x0000000008003a48                __libc_init_array
 .text.memset   0x0000000008003a90       0x94 /Applications/Ac6/SystemWorkbench.app/Contents/Eclipse/plugins/fr.ac6.mcu.externaltools.arm-none.macos64_1.17.0.201812190825/tools/compiler/bin/../lib/gcc/arm-none-eabi/7.3.1/../../../../arm-none-eabi/lib/thumb/v7e-m/fpv4-sp/hard/libc.a(lib_a-memset.o)
                0x0000000008003a90                memset
 .text.startup.register_fini
                0x0000000008003b24       0x14 /Applications/Ac6/SystemWorkbench.app/Contents/Eclipse/plugins/fr.ac6.mcu.externaltools.arm-none.macos64_1.17.0.201812190825/tools/compiler/bin/../lib/gcc/arm-none-eabi/7.3.1/../../../../arm-none-eabi/lib/thumb/v7e-m/fpv4-sp/hard/libc.a(lib_a-__call_atexit.o)
 .text.atexit   0x0000000008003b38        0xc /Applications/Ac6/SystemWorkbench.app/Contents/Eclipse/plugins/fr.ac6.mcu.externaltools.arm-none.macos64_1.17.0.201812190825/tools/compiler/bin/../lib/gcc/arm-none-eabi/7.3.1/../../../../arm-none-eabi/lib/thumb/v7e-m/fpv4-sp/hard/libc.a(lib_a-atexit.o)
                0x0000000008003b38                atexit
 .text.__libc_fini_array
                0x0000000008003b44       0x34 /Applications/Ac6/SystemWorkbench.app/Contents/Eclipse/plugins/fr.ac6.mcu.externaltools.arm-none.macos64_1.17.0.201812190825/tools/compiler/bin/../lib/gcc/arm-none-eabi/7.3.1/../../../../arm-none-eabi/lib/thumb/v7e-m/fpv4-sp/hard/libc.a(lib_a-fini.o)
                0x0000000008003b44                __libc_fini_array
 .text.__retarget_lock_acquire_recursive
                0x0000000008003b78        0x4 /Applications/Ac6/SystemWorkbench.app/Contents/Eclipse/plugins/fr.ac6.mcu.externaltools.arm-none.macos64_1.17.0.201812190825/tools/compiler/bin/../lib/gcc/arm-none-eabi/7.3.1/../../../../arm-none-eabi/lib/thumb/v7e-m/fpv4-sp/hard/libc.a(lib_a-lock.o)
                0x0000000008003b78                __retarget_lock_acquire_recursive
 .text.__retarget_lock_release_recursive
                0x0000000008003b7c        0x4 /Applications/Ac6/SystemWorkbench.app/Contents/Eclipse/plugins/fr.ac6.mcu.externaltools.arm-none.macos64_1.17.0.201812190825/tools/compiler/bin/../lib/gcc/arm-none-eabi/7.3.1/../../../../arm-none-eabi/lib/thumb/v7e-m/fpv4-sp/hard/libc.a(lib_a-lock.o)
                0x0000000008003b7c                __retarget_lock_release_recursive
 .text.__register_exitproc
                0x0000000008003b80       0xc0 /Applications/Ac6/SystemWorkbench.app/Contents/Eclipse/plugins/fr.ac6.mcu.externaltools.arm-none.macos64_1.17.0.201812190825/tools/compiler/bin/../lib/gcc/arm-none-eabi/7.3.1/../../../../arm-none-eabi/lib/thumb/v7e-m/fpv4-sp/hard/libc.a(lib_a-__atexit.o)
                0x0000000008003b80                __register_exitproc
 *(.glue_7)
 .glue_7        0x0000000008003c40        0x0 linker stubs
 *(.glue_7t)
 .glue_7t       0x0000000008003c40        0x0 linker stubs
 *(.eh_frame)
 .eh_frame      0x0000000008003c40        0x0 /Applications/Ac6/SystemWorkbench.app/Contents/Eclipse/plugins/fr.ac6.mcu.externaltools.arm-none.macos64_1.17.0.201812190825/tools/compiler/bin/../lib/gcc/arm-none-eabi/7.3.1/thumb/v7e-m/fpv4-sp/hard/crtbegin.o
 *(.init)
 .init          0x0000000008003c40        0x4 /Applications/Ac6/SystemWorkbench.app/Contents/Eclipse/plugins/fr.ac6.mcu.externaltools.arm-none.macos64_1.17.0.201812190825/tools/compiler/bin/../lib/gcc/arm-none-eabi/7.3.1/thumb/v7e-m/fpv4-sp/hard/crti.o
                0x0000000008003c40                _init
 .init          0x0000000008003c44        0x8 /Applications/Ac6/SystemWorkbench.app/Contents/Eclipse/plugins/fr.ac6.mcu.externaltools.arm-none.macos64_1.17.0.201812190825/tools/compiler/bin/../lib/gcc/arm-none-eabi/7.3.1/thumb/v7e-m/fpv4-sp/hard/crtn.o
 *(.fini)
 .fini          0x0000000008003c4c        0x4 /Applications/Ac6/SystemWorkbench.app/Contents/Eclipse/plugins/fr.ac6.mcu.externaltools.arm-none.macos64_1.17.0.201812190825/tools/compiler/bin/../lib/gcc/arm-none-eabi/7.3.1/thumb/v7e-m/fpv4-sp/hard/crti.o
                0x0000000008003c4c                _fini
 .fini          0x0000000008003c50        0x8 /Applications/Ac6/SystemWorkbench.app/Contents/Eclipse/plugins/fr.ac6.mcu.externaltools.arm-none.macos64_1.17.0.201812190825/tools/compiler/bin/../lib/gcc/arm-none-eabi/7.3.1/thumb/v7e-m/fpv4-sp/hard/crtn.o
                0x0000000008003c58                . = ALIGN (0x4)
                0x0000000008003c58                _etext = .

.vfp11_veneer   0x0000000008003c58        0x0
 .vfp11_veneer  0x0000000008003c58        0x0 linker stubs

.v4_bx          0x0000000008003c58        0x0
 .v4_bx         0x0000000008003c58        0x0 linker stubs

.iplt           0x0000000008003c58        0x0
 .iplt          0x0000000008003c58        0x0 /Applications/Ac6/SystemWorkbench.app/Contents/Eclipse/plugins/fr.ac6.mcu.externaltools.arm-none.macos64_1.17.0.201812190825/tools/compiler/bin/../lib/gcc/arm-none-eabi/7.3.1/thumb/v7e-m/fpv4-sp/hard/crtbegin.o

.rodata         0x0000000008003c58       0x74
                0x0000000008003c58                . = ALIGN (0x4)
 *(.rodata)
 .rodata        0x0000000008003c58        0x5 Third-Party/FreeRTOS/org/Source/tasks.o
 *fill*         0x0000000008003c5d        0x3 
 .rodata        0x0000000008003c60        0xd Third-Party/FreeRTOS/org/Source/timers.o
 *fill*         0x0000000008003c6d        0x3 
 .rodata        0x0000000008003c70       0x56 src/main.o
 *(.rodata*)
 *fill*         0x0000000008003cc6        0x2 
 .rodata._global_impure_ptr
                0x0000000008003cc8        0x4 /Applications/Ac6/SystemWorkbench.app/Contents/Eclipse/plugins/fr.ac6.mcu.externaltools.arm-none.macos64_1.17.0.201812190825/tools/compiler/bin/../lib/gcc/arm-none-eabi/7.3.1/../../../../arm-none-eabi/lib/thumb/v7e-m/fpv4-sp/hard/libc.a(lib_a-impure.o)
                0x0000000008003cc8                _global_impure_ptr
                0x0000000008003ccc                . = ALIGN (0x4)

.rel.dyn        0x0000000008003ccc        0x0
 .rel.iplt      0x0000000008003ccc        0x0 /Applications/Ac6/SystemWorkbench.app/Contents/Eclipse/plugins/fr.ac6.mcu.externaltools.arm-none.macos64_1.17.0.201812190825/tools/compiler/bin/../lib/gcc/arm-none-eabi/7.3.1/thumb/v7e-m/fpv4-sp/hard/crtbegin.o

.ARM.extab      0x0000000008003ccc        0x0
                0x0000000008003ccc                . = ALIGN (0x4)
 *(.ARM.extab* .gnu.linkonce.armextab.*)
                0x0000000008003ccc                . = ALIGN (0x4)

.ARM            0x0000000008003ccc        0x0
                0x0000000008003ccc                . = ALIGN (0x4)
                0x0000000008003ccc                __exidx_start = .
 *(.ARM.exidx*)
                0x0000000008003ccc                __exidx_end = .
                0x0000000008003ccc                . = ALIGN (0x4)

.preinit_array  0x0000000008003ccc        0x0
                0x0000000008003ccc                . = ALIGN (0x4)
                0x0000000008003ccc                PROVIDE (__preinit_array_start = .)
 *(.preinit_array*)
                0x0000000008003ccc                PROVIDE (__preinit_array_end = .)
                0x0000000008003ccc                . = ALIGN (0x4)

.init_array     0x0000000008003ccc        0x8
                0x0000000008003ccc                . = ALIGN (0x4)
                0x0000000008003ccc                PROVIDE (__init_array_start = .)
 *(SORT_BY_NAME(.init_array.*))
 .init_array.00000
                0x0000000008003ccc        0x4 /Applications/Ac6/SystemWorkbench.app/Contents/Eclipse/plugins/fr.ac6.mcu.externaltools.arm-none.macos64_1.17.0.201812190825/tools/compiler/bin/../lib/gcc/arm-none-eabi/7.3.1/../../../../arm-none-eabi/lib/thumb/v7e-m/fpv4-sp/hard/libc.a(lib_a-__call_atexit.o)
 *(.init_array*)
 .init_array    0x0000000008003cd0        0x4 /Applications/Ac6/SystemWorkbench.app/Contents/Eclipse/plugins/fr.ac6.mcu.externaltools.arm-none.macos64_1.17.0.201812190825/tools/compiler/bin/../lib/gcc/arm-none-eabi/7.3.1/thumb/v7e-m/fpv4-sp/hard/crtbegin.o
                0x0000000008003cd4                PROVIDE (__init_array_end = .)
                0x0000000008003cd4                . = ALIGN (0x4)

.fini_array     0x0000000008003cd4        0x4
                0x0000000008003cd4                . = ALIGN (0x4)
                0x0000000008003cd4                PROVIDE (__fini_array_start = .)
 *(SORT_BY_NAME(.fini_array.*))
 *(.fini_array*)
 .fini_array    0x0000000008003cd4        0x4 /Applications/Ac6/SystemWorkbench.app/Contents/Eclipse/plugins/fr.ac6.mcu.externaltools.arm-none.macos64_1.17.0.201812190825/tools/compiler/bin/../lib/gcc/arm-none-eabi/7.3.1/thumb/v7e-m/fpv4-sp/hard/crtbegin.o
                0x0000000008003cd8                PROVIDE (__fini_array_end = .)
                0x0000000008003cd8                . = ALIGN (0x4)
                0x0000000008003cd8                _sidata = LOADADDR (.data)

.data           0x0000000020000000      0x45c load address 0x0000000008003cd8
                0x0000000020000000                . = ALIGN (0x4)
                0x0000000020000000                _sdata = .
 *(.data)
 .data          0x0000000020000000       0x10 StdPeriph_Driver/src/stm32f4xx_rcc.o
 .data          0x0000000020000010        0x4 Third-Party/FreeRTOS/org/Source/tasks.o
                0x0000000020000010                uxTopUsedPriority
 .data          0x0000000020000014        0x4 Third-Party/FreeRTOS/org/Source/portable/GCC/ARM_CM4F/port.o
 .data          0x0000000020000018       0x14 src/system_stm32f4xx.o
                0x0000000020000018                SystemCoreClock
                0x000000002000001c                AHBPrescTable
 *(.data*)
 *fill*         0x000000002000002c        0x4 
 .data.impure_data
                0x0000000020000030      0x428 /Applications/Ac6/SystemWorkbench.app/Contents/Eclipse/plugins/fr.ac6.mcu.externaltools.arm-none.macos64_1.17.0.201812190825/tools/compiler/bin/../lib/gcc/arm-none-eabi/7.3.1/../../../../arm-none-eabi/lib/thumb/v7e-m/fpv4-sp/hard/libc.a(lib_a-impure.o)
 .data.__atexit_recursive_mutex
                0x0000000020000458        0x4 /Applications/Ac6/SystemWorkbench.app/Contents/Eclipse/plugins/fr.ac6.mcu.externaltools.arm-none.macos64_1.17.0.201812190825/tools/compiler/bin/../lib/gcc/arm-none-eabi/7.3.1/../../../../arm-none-eabi/lib/thumb/v7e-m/fpv4-sp/hard/libc.a(lib_a-__call_atexit.o)
                0x0000000020000458                __atexit_recursive_mutex
                0x000000002000045c                . = ALIGN (0x4)
                0x000000002000045c                _edata = .

.igot.plt       0x000000002000045c        0x0 load address 0x0000000008004134
 .igot.plt      0x000000002000045c        0x0 /Applications/Ac6/SystemWorkbench.app/Contents/Eclipse/plugins/fr.ac6.mcu.externaltools.arm-none.macos64_1.17.0.201812190825/tools/compiler/bin/../lib/gcc/arm-none-eabi/7.3.1/thumb/v7e-m/fpv4-sp/hard/crtbegin.o
                0x000000002000045c                . = ALIGN (0x4)

.bss            0x000000002000045c    0x12df4 load address 0x0000000008004134
                0x000000002000045c                _sbss = .
                0x000000002000045c                __bss_start__ = _sbss
 *(.bss)
 .bss           0x000000002000045c       0x1c /Applications/Ac6/SystemWorkbench.app/Contents/Eclipse/plugins/fr.ac6.mcu.externaltools.arm-none.macos64_1.17.0.201812190825/tools/compiler/bin/../lib/gcc/arm-none-eabi/7.3.1/thumb/v7e-m/fpv4-sp/hard/crtbegin.o
 .bss           0x0000000020000478      0x104 Third-Party/FreeRTOS/org/Source/tasks.o
                0x0000000020000478                pxCurrentTCB
 .bss           0x000000002000057c       0x3c Third-Party/FreeRTOS/org/Source/timers.o
 .bss           0x00000000200005b8        0x8 Third-Party/FreeRTOS/org/Source/portable/GCC/ARM_CM4F/port.o
 .bss           0x00000000200005c0    0x12c20 Third-Party/FreeRTOS/org/Source/portable/MemMang/heap_4.o
 .bss           0x00000000200131e0        0x9 src/main.o
                0x00000000200131e0                _taskHanlde1
                0x00000000200131e4                _taskHanlde2
 *(.bss*)
 *(COMMON)
 *fill*         0x00000000200131e9        0x3 
 COMMON         0x00000000200131ec       0x40 Third-Party/FreeRTOS/org/Source/queue.o
                0x00000000200131ec                xQueueRegistry
 COMMON         0x000000002001322c       0x21 /Applications/Ac6/SystemWorkbench.app/Contents/Eclipse/plugins/fr.ac6.mcu.externaltools.arm-none.macos64_1.17.0.201812190825/tools/compiler/bin/../lib/gcc/arm-none-eabi/7.3.1/../../../../arm-none-eabi/lib/thumb/v7e-m/fpv4-sp/hard/libc.a(lib_a-lock.o)
                0x000000002001322c                __lock___atexit_recursive_mutex
                0x0000000020013230                __lock___arc4random_mutex
                0x0000000020013234                __lock___env_recursive_mutex
                0x0000000020013238                __lock___sinit_recursive_mutex
                0x000000002001323c                __lock___malloc_recursive_mutex
                0x0000000020013240                __lock___at_quick_exit_mutex
                0x0000000020013244                __lock___dd_hash_mutex
                0x0000000020013248                __lock___tz_mutex
                0x000000002001324c                __lock___sfp_recursive_mutex
                0x0000000020013250                . = ALIGN (0x4)
 *fill*         0x000000002001324d        0x3 
                0x0000000020013250                _ebss = .
                0x0000000020013250                __bss_end__ = _ebss

._user_heap_stack
                0x0000000020013250      0x400 load address 0x0000000008004134
                0x0000000020013250                . = ALIGN (0x8)
                0x0000000020013250                PROVIDE (end = .)
                [!provide]                        PROVIDE (_end = .)
                0x0000000020013250                . = (. + _Min_Heap_Size)
                0x0000000020013650                . = (. + _Min_Stack_Size)
 *fill*         0x0000000020013250      0x400 
                0x0000000020013650                . = ALIGN (0x8)

/DISCARD/
 libc.a(*)
 libm.a(*)
 libgcc.a(*)

.ARM.attributes
                0x0000000000000000       0x30
 *(.ARM.attributes)
 .ARM.attributes
                0x0000000000000000       0x22 /Applications/Ac6/SystemWorkbench.app/Contents/Eclipse/plugins/fr.ac6.mcu.externaltools.arm-none.macos64_1.17.0.201812190825/tools/compiler/bin/../lib/gcc/arm-none-eabi/7.3.1/thumb/v7e-m/fpv4-sp/hard/crti.o
 .ARM.attributes
                0x0000000000000022       0x34 /Applications/Ac6/SystemWorkbench.app/Contents/Eclipse/plugins/fr.ac6.mcu.externaltools.arm-none.macos64_1.17.0.201812190825/tools/compiler/bin/../lib/gcc/arm-none-eabi/7.3.1/thumb/v7e-m/fpv4-sp/hard/crtbegin.o
 .ARM.attributes
                0x0000000000000056       0x39 StdPeriph_Driver/src/stm32f4xx_gpio.o
 .ARM.attributes
                0x000000000000008f       0x39 StdPeriph_Driver/src/stm32f4xx_rcc.o
 .ARM.attributes
                0x00000000000000c8       0x39 StdPeriph_Driver/src/stm32f4xx_usart.o
 .ARM.attributes
                0x0000000000000101       0x39 Third-Party/FreeRTOS/org/Source/list.o
 .ARM.attributes
                0x000000000000013a       0x39 Third-Party/FreeRTOS/org/Source/queue.o
 .ARM.attributes
                0x0000000000000173       0x39 Third-Party/FreeRTOS/org/Source/tasks.o
 .ARM.attributes
                0x00000000000001ac       0x39 Third-Party/FreeRTOS/org/Source/timers.o
 .ARM.attributes
                0x00000000000001e5       0x39 Third-Party/FreeRTOS/org/Source/portable/GCC/ARM_CM4F/port.o
 .ARM.attributes
                0x000000000000021e       0x39 Third-Party/FreeRTOS/org/Source/portable/MemMang/heap_4.o
 .ARM.attributes
                0x0000000000000257       0x39 src/main.o
 .ARM.attributes
                0x0000000000000290       0x39 src/stm32_ext_common.o
 .ARM.attributes
                0x00000000000002c9       0x39 src/system_stm32f4xx.o
 .ARM.attributes
                0x0000000000000302       0x21 startup/startup_stm32.o
 .ARM.attributes
                0x0000000000000323       0x34 /Applications/Ac6/SystemWorkbench.app/Contents/Eclipse/plugins/fr.ac6.mcu.externaltools.arm-none.macos64_1.17.0.201812190825/tools/compiler/bin/../lib/gcc/arm-none-eabi/7.3.1/../../../../arm-none-eabi/lib/thumb/v7e-m/fpv4-sp/hard/libc.a(lib_a-impure.o)
 .ARM.attributes
                0x0000000000000357       0x34 /Applications/Ac6/SystemWorkbench.app/Contents/Eclipse/plugins/fr.ac6.mcu.externaltools.arm-none.macos64_1.17.0.201812190825/tools/compiler/bin/../lib/gcc/arm-none-eabi/7.3.1/../../../../arm-none-eabi/lib/thumb/v7e-m/fpv4-sp/hard/libc.a(lib_a-init.o)
 .ARM.attributes
                0x000000000000038b       0x20 /Applications/Ac6/SystemWorkbench.app/Contents/Eclipse/plugins/fr.ac6.mcu.externaltools.arm-none.macos64_1.17.0.201812190825/tools/compiler/bin/../lib/gcc/arm-none-eabi/7.3.1/../../../../arm-none-eabi/lib/thumb/v7e-m/fpv4-sp/hard/libc.a(lib_a-memcpy.o)
 .ARM.attributes
                0x00000000000003ab       0x34 /Applications/Ac6/SystemWorkbench.app/Contents/Eclipse/plugins/fr.ac6.mcu.externaltools.arm-none.macos64_1.17.0.201812190825/tools/compiler/bin/../lib/gcc/arm-none-eabi/7.3.1/../../../../arm-none-eabi/lib/thumb/v7e-m/fpv4-sp/hard/libc.a(lib_a-memset.o)
 .ARM.attributes
                0x00000000000003df       0x20 /Applications/Ac6/SystemWorkbench.app/Contents/Eclipse/plugins/fr.ac6.mcu.externaltools.arm-none.macos64_1.17.0.201812190825/tools/compiler/bin/../lib/gcc/arm-none-eabi/7.3.1/../../../../arm-none-eabi/lib/thumb/v7e-m/fpv4-sp/hard/libc.a(lib_a-strlen.o)
 .ARM.attributes
                0x00000000000003ff       0x34 /Applications/Ac6/SystemWorkbench.app/Contents/Eclipse/plugins/fr.ac6.mcu.externaltools.arm-none.macos64_1.17.0.201812190825/tools/compiler/bin/../lib/gcc/arm-none-eabi/7.3.1/../../../../arm-none-eabi/lib/thumb/v7e-m/fpv4-sp/hard/libc.a(lib_a-__call_atexit.o)
 .ARM.attributes
                0x0000000000000433       0x34 /Applications/Ac6/SystemWorkbench.app/Contents/Eclipse/plugins/fr.ac6.mcu.externaltools.arm-none.macos64_1.17.0.201812190825/tools/compiler/bin/../lib/gcc/arm-none-eabi/7.3.1/../../../../arm-none-eabi/lib/thumb/v7e-m/fpv4-sp/hard/libc.a(lib_a-atexit.o)
 .ARM.attributes
                0x0000000000000467       0x34 /Applications/Ac6/SystemWorkbench.app/Contents/Eclipse/plugins/fr.ac6.mcu.externaltools.arm-none.macos64_1.17.0.201812190825/tools/compiler/bin/../lib/gcc/arm-none-eabi/7.3.1/../../../../arm-none-eabi/lib/thumb/v7e-m/fpv4-sp/hard/libc.a(lib_a-fini.o)
 .ARM.attributes
                0x000000000000049b       0x34 /Applications/Ac6/SystemWorkbench.app/Contents/Eclipse/plugins/fr.ac6.mcu.externaltools.arm-none.macos64_1.17.0.201812190825/tools/compiler/bin/../lib/gcc/arm-none-eabi/7.3.1/../../../../arm-none-eabi/lib/thumb/v7e-m/fpv4-sp/hard/libc.a(lib_a-lock.o)
 .ARM.attributes
                0x00000000000004cf       0x34 /Applications/Ac6/SystemWorkbench.app/Contents/Eclipse/plugins/fr.ac6.mcu.externaltools.arm-none.macos64_1.17.0.201812190825/tools/compiler/bin/../lib/gcc/arm-none-eabi/7.3.1/../../../../arm-none-eabi/lib/thumb/v7e-m/fpv4-sp/hard/libc.a(lib_a-__atexit.o)
 .ARM.attributes
                0x0000000000000503       0x22 /Applications/Ac6/SystemWorkbench.app/Contents/Eclipse/plugins/fr.ac6.mcu.externaltools.arm-none.macos64_1.17.0.201812190825/tools/compiler/bin/../lib/gcc/arm-none-eabi/7.3.1/thumb/v7e-m/fpv4-sp/hard/crtn.o
OUTPUT(STM32_TaskNotifynWait.elf elf32-littlearm)

.debug_info     0x0000000000000000     0xb872
 .debug_info    0x0000000000000000      0x62b StdPeriph_Driver/src/stm32f4xx_gpio.o
 .debug_info    0x000000000000062b      0xf8e StdPeriph_Driver/src/stm32f4xx_rcc.o
 .debug_info    0x00000000000015b9      0x9d4 StdPeriph_Driver/src/stm32f4xx_usart.o
 .debug_info    0x0000000000001f8d      0xadb Third-Party/FreeRTOS/org/Source/list.o
 .debug_info    0x0000000000002a68     0x1fdb Third-Party/FreeRTOS/org/Source/queue.o
 .debug_info    0x0000000000004a43     0x2975 Third-Party/FreeRTOS/org/Source/tasks.o
 .debug_info    0x00000000000073b8     0x14d9 Third-Party/FreeRTOS/org/Source/timers.o
 .debug_info    0x0000000000008891      0x533 Third-Party/FreeRTOS/org/Source/portable/GCC/ARM_CM4F/port.o
 .debug_info    0x0000000000008dc4      0xcfd Third-Party/FreeRTOS/org/Source/portable/MemMang/heap_4.o
 .debug_info    0x0000000000009ac1      0xd57 src/main.o
 .debug_info    0x000000000000a818      0xa17 src/stm32_ext_common.o
 .debug_info    0x000000000000b22f      0x621 src/system_stm32f4xx.o
 .debug_info    0x000000000000b850       0x22 startup/startup_stm32.o

.debug_abbrev   0x0000000000000000     0x1b5d
 .debug_abbrev  0x0000000000000000      0x1bf StdPeriph_Driver/src/stm32f4xx_gpio.o
 .debug_abbrev  0x00000000000001bf      0x1d4 StdPeriph_Driver/src/stm32f4xx_rcc.o
 .debug_abbrev  0x0000000000000393      0x187 StdPeriph_Driver/src/stm32f4xx_usart.o
 .debug_abbrev  0x000000000000051a      0x205 Third-Party/FreeRTOS/org/Source/list.o
 .debug_abbrev  0x000000000000071f      0x327 Third-Party/FreeRTOS/org/Source/queue.o
 .debug_abbrev  0x0000000000000a46      0x386 Third-Party/FreeRTOS/org/Source/tasks.o
 .debug_abbrev  0x0000000000000dcc      0x2fe Third-Party/FreeRTOS/org/Source/timers.o
 .debug_abbrev  0x00000000000010ca      0x210 Third-Party/FreeRTOS/org/Source/portable/GCC/ARM_CM4F/port.o
 .debug_abbrev  0x00000000000012da      0x2d4 Third-Party/FreeRTOS/org/Source/portable/MemMang/heap_4.o
 .debug_abbrev  0x00000000000015ae      0x236 src/main.o
 .debug_abbrev  0x00000000000017e4      0x20a src/stm32_ext_common.o
 .debug_abbrev  0x00000000000019ee      0x15d src/system_stm32f4xx.o
 .debug_abbrev  0x0000000000001b4b       0x12 startup/startup_stm32.o

.debug_aranges  0x0000000000000000      0x938
 .debug_aranges
                0x0000000000000000       0x88 StdPeriph_Driver/src/stm32f4xx_gpio.o
 .debug_aranges
                0x0000000000000088      0x1e8 StdPeriph_Driver/src/stm32f4xx_rcc.o
 .debug_aranges
                0x0000000000000270      0x100 StdPeriph_Driver/src/stm32f4xx_usart.o
 .debug_aranges
                0x0000000000000370       0x40 Third-Party/FreeRTOS/org/Source/list.o
 .debug_aranges
                0x00000000000003b0      0x130 Third-Party/FreeRTOS/org/Source/queue.o
 .debug_aranges
                0x00000000000004e0      0x1f8 Third-Party/FreeRTOS/org/Source/tasks.o
 .debug_aranges
                0x00000000000006d8       0xd8 Third-Party/FreeRTOS/org/Source/timers.o
 .debug_aranges
                0x00000000000007b0       0x80 Third-Party/FreeRTOS/org/Source/portable/GCC/ARM_CM4F/port.o
 .debug_aranges
                0x0000000000000830       0x58 Third-Party/FreeRTOS/org/Source/portable/MemMang/heap_4.o
 .debug_aranges
                0x0000000000000888       0x38 src/main.o
 .debug_aranges
                0x00000000000008c0       0x20 src/stm32_ext_common.o
 .debug_aranges
                0x00000000000008e0       0x30 src/system_stm32f4xx.o
 .debug_aranges
                0x0000000000000910       0x28 startup/startup_stm32.o

.debug_ranges   0x0000000000000000      0x870
 .debug_ranges  0x0000000000000000       0x78 StdPeriph_Driver/src/stm32f4xx_gpio.o
 .debug_ranges  0x0000000000000078      0x1d8 StdPeriph_Driver/src/stm32f4xx_rcc.o
 .debug_ranges  0x0000000000000250       0xf0 StdPeriph_Driver/src/stm32f4xx_usart.o
 .debug_ranges  0x0000000000000340       0x30 Third-Party/FreeRTOS/org/Source/list.o
 .debug_ranges  0x0000000000000370      0x120 Third-Party/FreeRTOS/org/Source/queue.o
 .debug_ranges  0x0000000000000490      0x1e8 Third-Party/FreeRTOS/org/Source/tasks.o
 .debug_ranges  0x0000000000000678       0xc8 Third-Party/FreeRTOS/org/Source/timers.o
 .debug_ranges  0x0000000000000740       0x70 Third-Party/FreeRTOS/org/Source/portable/GCC/ARM_CM4F/port.o
 .debug_ranges  0x00000000000007b0       0x48 Third-Party/FreeRTOS/org/Source/portable/MemMang/heap_4.o
 .debug_ranges  0x00000000000007f8       0x28 src/main.o
 .debug_ranges  0x0000000000000820       0x10 src/stm32_ext_common.o
 .debug_ranges  0x0000000000000830       0x20 src/system_stm32f4xx.o
 .debug_ranges  0x0000000000000850       0x20 startup/startup_stm32.o

.debug_macro    0x0000000000000000     0x2bae
 .debug_macro   0x0000000000000000      0x1fc StdPeriph_Driver/src/stm32f4xx_gpio.o
 .debug_macro   0x00000000000001fc      0x33b StdPeriph_Driver/src/stm32f4xx_gpio.o
 .debug_macro   0x0000000000000537      0x2cb StdPeriph_Driver/src/stm32f4xx_rcc.o
 .debug_macro   0x0000000000000802      0x214 StdPeriph_Driver/src/stm32f4xx_usart.o
 .debug_macro   0x0000000000000a16      0x21d StdPeriph_Driver/src/stm32f4xx_usart.o
 .debug_macro   0x0000000000000c33      0x186 Third-Party/FreeRTOS/org/Source/list.o
 .debug_macro   0x0000000000000db9      0x20a Third-Party/FreeRTOS/org/Source/queue.o
 .debug_macro   0x0000000000000fc3       0x16 Third-Party/FreeRTOS/org/Source/queue.o
 .debug_macro   0x0000000000000fd9       0x35 Third-Party/FreeRTOS/org/Source/queue.o
 .debug_macro   0x000000000000100e       0x80 Third-Party/FreeRTOS/org/Source/queue.o
 .debug_macro   0x000000000000108e      0x267 Third-Party/FreeRTOS/org/Source/tasks.o
 .debug_macro   0x00000000000012f5       0x10 Third-Party/FreeRTOS/org/Source/tasks.o
 .debug_macro   0x0000000000001305      0x1cf Third-Party/FreeRTOS/org/Source/timers.o
 .debug_macro   0x00000000000014d4       0x97 Third-Party/FreeRTOS/org/Source/timers.o
 .debug_macro   0x000000000000156b      0x196 Third-Party/FreeRTOS/org/Source/portable/GCC/ARM_CM4F/port.o
 .debug_macro   0x0000000000001701      0x1a1 Third-Party/FreeRTOS/org/Source/portable/MemMang/heap_4.o
 .debug_macro   0x00000000000018a2      0x3e6 src/main.o
 .debug_macro   0x0000000000001c88      0x106 src/main.o
 .debug_macro   0x0000000000001d8e      0x4fd src/main.o
 .debug_macro   0x000000000000228b       0x1c src/main.o
 .debug_macro   0x00000000000022a7       0x10 src/main.o
 .debug_macro   0x00000000000022b7       0x10 src/main.o
 .debug_macro   0x00000000000022c7       0x1c src/main.o
 .debug_macro   0x00000000000022e3       0x52 src/main.o
 .debug_macro   0x0000000000002335       0x40 src/main.o
 .debug_macro   0x0000000000002375       0x10 src/main.o
 .debug_macro   0x0000000000002385       0x40 src/main.o
 .debug_macro   0x00000000000023c5       0xd7 src/main.o
 .debug_macro   0x000000000000249c       0x1c src/main.o
 .debug_macro   0x00000000000024b8       0x3d src/main.o
 .debug_macro   0x00000000000024f5       0x16 src/main.o
 .debug_macro   0x000000000000250b      0x16f src/main.o
 .debug_macro   0x000000000000267a      0x31b src/stm32_ext_common.o
 .debug_macro   0x0000000000002995      0x219 src/system_stm32f4xx.o

.debug_line     0x0000000000000000     0x7e30
 .debug_line    0x0000000000000000      0x8c8 StdPeriph_Driver/src/stm32f4xx_gpio.o
 .debug_line    0x00000000000008c8      0xc45 StdPeriph_Driver/src/stm32f4xx_rcc.o
 .debug_line    0x000000000000150d      0xa0e StdPeriph_Driver/src/stm32f4xx_usart.o
 .debug_line    0x0000000000001f1b      0x624 Third-Party/FreeRTOS/org/Source/list.o
 .debug_line    0x000000000000253f      0xfdb Third-Party/FreeRTOS/org/Source/queue.o
 .debug_line    0x000000000000351a     0x135e Third-Party/FreeRTOS/org/Source/tasks.o
 .debug_line    0x0000000000004878      0x9c1 Third-Party/FreeRTOS/org/Source/timers.o
 .debug_line    0x0000000000005239      0x756 Third-Party/FreeRTOS/org/Source/portable/GCC/ARM_CM4F/port.o
 .debug_line    0x000000000000598f      0x732 Third-Party/FreeRTOS/org/Source/portable/MemMang/heap_4.o
 .debug_line    0x00000000000060c1      0xb0b src/main.o
 .debug_line    0x0000000000006bcc      0xa13 src/stm32_ext_common.o
 .debug_line    0x00000000000075df      0x7d5 src/system_stm32f4xx.o
 .debug_line    0x0000000000007db4       0x7c startup/startup_stm32.o

.debug_str      0x0000000000000000    0x7af4a
 .debug_str     0x0000000000000000    0x6cf28 StdPeriph_Driver/src/stm32f4xx_gpio.o
                                      0x6d20f (size before relaxing)
 .debug_str     0x000000000006cf28      0xe86 StdPeriph_Driver/src/stm32f4xx_rcc.o
                                      0x6ddeb (size before relaxing)
 .debug_str     0x000000000006ddae      0x53a StdPeriph_Driver/src/stm32f4xx_usart.o
                                      0x6d522 (size before relaxing)
 .debug_str     0x000000000006e2e8     0x691f Third-Party/FreeRTOS/org/Source/list.o
                                       0xa640 (size before relaxing)
 .debug_str     0x0000000000074c07     0x2281 Third-Party/FreeRTOS/org/Source/queue.o
                                       0xc8b4 (size before relaxing)
 .debug_str     0x0000000000076e88     0x1be2 Third-Party/FreeRTOS/org/Source/tasks.o
                                       0xd5cb (size before relaxing)
 .debug_str     0x0000000000078a6a      0x529 Third-Party/FreeRTOS/org/Source/timers.o
                                       0xcce8 (size before relaxing)
 .debug_str     0x0000000000078f93      0x7f3 Third-Party/FreeRTOS/org/Source/portable/GCC/ARM_CM4F/port.o
                                       0x9359 (size before relaxing)
 .debug_str     0x0000000000079786      0x333 Third-Party/FreeRTOS/org/Source/portable/MemMang/heap_4.o
                                       0xbaba (size before relaxing)
 .debug_str     0x0000000000079ab9     0x1321 src/main.o
                                      0x75ed9 (size before relaxing)
 .debug_str     0x000000000007adda       0x25 src/stm32_ext_common.o
                                      0x74957 (size before relaxing)
 .debug_str     0x000000000007adff      0x122 src/system_stm32f4xx.o
                                      0x6d16e (size before relaxing)
 .debug_str     0x000000000007af21       0x29 startup/startup_stm32.o
                                         0x72 (size before relaxing)

.comment        0x0000000000000000       0x7f
 .comment       0x0000000000000000       0x7f StdPeriph_Driver/src/stm32f4xx_gpio.o
                                         0x80 (size before relaxing)
 .comment       0x000000000000007f       0x80 StdPeriph_Driver/src/stm32f4xx_rcc.o
 .comment       0x000000000000007f       0x80 StdPeriph_Driver/src/stm32f4xx_usart.o
 .comment       0x000000000000007f       0x80 Third-Party/FreeRTOS/org/Source/list.o
 .comment       0x000000000000007f       0x80 Third-Party/FreeRTOS/org/Source/queue.o
 .comment       0x000000000000007f       0x80 Third-Party/FreeRTOS/org/Source/tasks.o
 .comment       0x000000000000007f       0x80 Third-Party/FreeRTOS/org/Source/timers.o
 .comment       0x000000000000007f       0x80 Third-Party/FreeRTOS/org/Source/portable/GCC/ARM_CM4F/port.o
 .comment       0x000000000000007f       0x80 Third-Party/FreeRTOS/org/Source/portable/MemMang/heap_4.o
 .comment       0x000000000000007f       0x80 src/main.o
 .comment       0x000000000000007f       0x80 src/stm32_ext_common.o
 .comment       0x000000000000007f       0x80 src/system_stm32f4xx.o

.debug_frame    0x0000000000000000     0x280c
 .debug_frame   0x0000000000000000      0x23c StdPeriph_Driver/src/stm32f4xx_gpio.o
 .debug_frame   0x000000000000023c      0x904 StdPeriph_Driver/src/stm32f4xx_rcc.o
 .debug_frame   0x0000000000000b40      0x490 StdPeriph_Driver/src/stm32f4xx_usart.o
 .debug_frame   0x0000000000000fd0       0xd8 Third-Party/FreeRTOS/org/Source/list.o
 .debug_frame   0x00000000000010a8      0x534 Third-Party/FreeRTOS/org/Source/queue.o
 .debug_frame   0x00000000000015dc      0x894 Third-Party/FreeRTOS/org/Source/tasks.o
 .debug_frame   0x0000000000001e70      0x38c Third-Party/FreeRTOS/org/Source/timers.o
 .debug_frame   0x00000000000021fc      0x1a8 Third-Party/FreeRTOS/org/Source/portable/GCC/ARM_CM4F/port.o
 .debug_frame   0x00000000000023a4      0x12c Third-Party/FreeRTOS/org/Source/portable/MemMang/heap_4.o
 .debug_frame   0x00000000000024d0       0x94 src/main.o
 .debug_frame   0x0000000000002564       0x34 src/stm32_ext_common.o
 .debug_frame   0x0000000000002598       0x7c src/system_stm32f4xx.o
 .debug_frame   0x0000000000002614       0x2c /Applications/Ac6/SystemWorkbench.app/Contents/Eclipse/plugins/fr.ac6.mcu.externaltools.arm-none.macos64_1.17.0.201812190825/tools/compiler/bin/../lib/gcc/arm-none-eabi/7.3.1/../../../../arm-none-eabi/lib/thumb/v7e-m/fpv4-sp/hard/libc.a(lib_a-init.o)
 .debug_frame   0x0000000000002640       0x38 /Applications/Ac6/SystemWorkbench.app/Contents/Eclipse/plugins/fr.ac6.mcu.externaltools.arm-none.macos64_1.17.0.201812190825/tools/compiler/bin/../lib/gcc/arm-none-eabi/7.3.1/../../../../arm-none-eabi/lib/thumb/v7e-m/fpv4-sp/hard/libc.a(lib_a-memset.o)
 .debug_frame   0x0000000000002678       0x5c /Applications/Ac6/SystemWorkbench.app/Contents/Eclipse/plugins/fr.ac6.mcu.externaltools.arm-none.macos64_1.17.0.201812190825/tools/compiler/bin/../lib/gcc/arm-none-eabi/7.3.1/../../../../arm-none-eabi/lib/thumb/v7e-m/fpv4-sp/hard/libc.a(lib_a-__call_atexit.o)
 .debug_frame   0x00000000000026d4       0x20 /Applications/Ac6/SystemWorkbench.app/Contents/Eclipse/plugins/fr.ac6.mcu.externaltools.arm-none.macos64_1.17.0.201812190825/tools/compiler/bin/../lib/gcc/arm-none-eabi/7.3.1/../../../../arm-none-eabi/lib/thumb/v7e-m/fpv4-sp/hard/libc.a(lib_a-atexit.o)
 .debug_frame   0x00000000000026f4       0x34 /Applications/Ac6/SystemWorkbench.app/Contents/Eclipse/plugins/fr.ac6.mcu.externaltools.arm-none.macos64_1.17.0.201812190825/tools/compiler/bin/../lib/gcc/arm-none-eabi/7.3.1/../../../../arm-none-eabi/lib/thumb/v7e-m/fpv4-sp/hard/libc.a(lib_a-fini.o)
 .debug_frame   0x0000000000002728       0xb0 /Applications/Ac6/SystemWorkbench.app/Contents/Eclipse/plugins/fr.ac6.mcu.externaltools.arm-none.macos64_1.17.0.201812190825/tools/compiler/bin/../lib/gcc/arm-none-eabi/7.3.1/../../../../arm-none-eabi/lib/thumb/v7e-m/fpv4-sp/hard/libc.a(lib_a-lock.o)
 .debug_frame   0x00000000000027d8       0x34 /Applications/Ac6/SystemWorkbench.app/Contents/Eclipse/plugins/fr.ac6.mcu.externaltools.arm-none.macos64_1.17.0.201812190825/tools/compiler/bin/../lib/gcc/arm-none-eabi/7.3.1/../../../../arm-none-eabi/lib/thumb/v7e-m/fpv4-sp/hard/libc.a(lib_a-__atexit.o)
